---
source: src/lib.rs
expression: "parse_sexp(\"(fn symbol :atom)\")"
---
Ok(
    [
        Token {
            kind: OpenParen,
            range: (
                0,
                1,
            ),
            content: "(",
        },
        Token {
            kind: Symbol,
            range: (
                1,
                2,
            ),
            content: "fn",
        },
        Token {
            kind: Symbol,
            range: (
                4,
                5,
            ),
            content: "symbol",
        },
        Token {
            kind: Symbol,
            range: (
                11,
                12,
            ),
            content: ":atom",
        },
        Token {
            kind: CloseParen,
            range: (
                16,
                17,
            ),
            content: ")",
        },
    ],
)
