---
source: src/lib.rs
expression: "parse_sexp(\"(single)\")"
---
Ok(
    [
        Token {
            kind: OpenParen,
            range: (
                0,
                1,
            ),
            content: "(",
        },
        Token {
            kind: Symbol,
            range: (
                1,
                2,
            ),
            content: "single",
        },
        Token {
            kind: CloseParen,
            range: (
                7,
                8,
            ),
            content: ")",
        },
    ],
)
